d7d6
